Copyright 1986-2022 Xilinx, Inc. All Rights Reserved.
-------------------------------------------------------------------------------------------
| Tool Version : Vivado v.2022.1 (win64) Build 3526262 Mon Apr 18 15:48:16 MDT 2022
| Date         : Wed Oct 25 17:48:46 2023
| Host         : DESKTOP-4FV4FV1 running 64-bit major release  (build 9200)
| Command      : report_control_sets -verbose -file MercuryII_Vera_control_sets_placed.rpt
| Design       : MercuryII_Vera
| Device       : xc7a35t
-------------------------------------------------------------------------------------------

Control Set Information

Table of Contents
-----------------
1. Summary
2. Histogram
3. Flip-Flop Distribution
4. Detailed Control Set Information

1. Summary
----------

+----------------------------------------------------------+-------+
|                          Status                          | Count |
+----------------------------------------------------------+-------+
| Total control sets                                       |   128 |
|    Minimum number of control sets                        |   128 |
|    Addition due to synthesis replication                 |     0 |
|    Addition due to physical synthesis replication        |     0 |
| Unused register locations in slices containing registers |   233 |
+----------------------------------------------------------+-------+
* Control sets can be merged at opt_design using control_set_merge or merge_equivalent_drivers
** Run report_qor_suggestions for automated merging and remapping suggestions


2. Histogram
------------

+--------------------+-------+
|       Fanout       | Count |
+--------------------+-------+
| Total control sets |   128 |
| >= 0 to < 4        |     4 |
| >= 4 to < 6        |    22 |
| >= 6 to < 8        |     8 |
| >= 8 to < 10       |    48 |
| >= 10 to < 12      |     6 |
| >= 12 to < 14      |     5 |
| >= 14 to < 16      |     7 |
| >= 16              |    28 |
+--------------------+-------+
* Control sets can be remapped at either synth_design or opt_design


3. Flip-Flop Distribution
-------------------------

+--------------+-----------------------+------------------------+-----------------+--------------+
| Clock Enable | Synchronous Set/Reset | Asynchronous Set/Reset | Total Registers | Total Slices |
+--------------+-----------------------+------------------------+-----------------+--------------+
| No           | No                    | No                     |             231 |           74 |
| No           | No                    | Yes                    |             186 |           90 |
| No           | Yes                   | No                     |              60 |           25 |
| Yes          | No                    | No                     |              48 |           18 |
| Yes          | No                    | Yes                    |            1214 |          442 |
| Yes          | Yes                   | No                     |              36 |           10 |
+--------------+-----------------------+------------------------+-----------------+--------------+


4. Detailed Control Set Information
-----------------------------------

+-------------------------------+-------------------------------------------------------+---------------------------------------------------------------+------------------+----------------+--------------+
|          Clock Signal         |                     Enable Signal                     |                        Set/Reset Signal                       | Slice Load Count | Bel Load Count | Bels / Slice |
+-------------------------------+-------------------------------------------------------+---------------------------------------------------------------+------------------+----------------+--------------+
|  mmcm0/inst/clk25             | MDAC0/dac_csn_i_1_n_0                                 |                                                               |                1 |              1 |         1.00 |
|  mmcm0/inst/clk25             | MDAC0/dac_sck_i_1_n_0                                 |                                                               |                1 |              1 |         1.00 |
|  mmcm0/inst/clk25             | MDAC0/dac_ldac_i_1_n_0                                |                                                               |                1 |              1 |         1.00 |
|  mmcm0/inst/clk25             |                                                       | vera0/reset_sync_clk25/asyncReset                             |                1 |              2 |         2.00 |
|  mmcm0/inst/clk25             | vera0/l0_vscroll_r[11]_i_1_n_0                        | vera0/reset_sync_clk25/reset                                  |                1 |              4 |         4.00 |
|  mmcm0/inst/clk25             | vera0/addr_data/ib_cache32_r[11]_i_1_n_0              | vera0/reset_sync_clk25/reset                                  |                2 |              4 |         2.00 |
|  mmcm0/inst/clk25             | vera0/l0_hscroll_r[11]_i_1_n_0                        | vera0/reset_sync_clk25/reset                                  |                2 |              4 |         2.00 |
|  mmcm0/inst/clk25             | vera0/l1_hscroll_r[11]_i_1_n_0                        | vera0/reset_sync_clk25/reset                                  |                1 |              4 |         4.00 |
|  mmcm0/inst/clk25             | vera0/addr_data/ib_cache32_r[31]_i_1_n_0              | vera0/reset_sync_clk25/reset                                  |                2 |              4 |         2.00 |
|  mmcm0/inst/clk25             | MDAC0/FSM_sequential_mdac_state[3]_i_1_n_0            |                                                               |                2 |              4 |         2.00 |
|  mmcm0/inst/clk25             | vera0/addr_data/ib_cache32_r[7]_i_1_n_0               | vera0/reset_sync_clk25/reset                                  |                2 |              4 |         2.00 |
|  mmcm0/inst/clk25             | vera0/sprite_renderer/cur_collision_mask_r[3]_i_1_n_0 | vera0/reset_sync_clk25/reset                                  |                2 |              4 |         2.00 |
|  mmcm0/inst/hdmiClk           |                                                       | enc/TMDS_mod10[3]_i_1_n_0                                     |                1 |              4 |         4.00 |
|  mmcm0/inst/clk25             | vera0/video_composite/vblank_pulse                    | vera0/reset_sync_clk25/reset                                  |                2 |              4 |         2.00 |
|  mmcm0/inst/clk25             | vera0/addr_data/ib_cache32_r[3]_i_1_n_0               | vera0/reset_sync_clk25/reset                                  |                2 |              4 |         2.00 |
|  mmcm0/inst/clk25             | vera0/addr_data/ib_cache32_r[19]_i_1_n_0              | vera0/reset_sync_clk25/reset                                  |                2 |              4 |         2.00 |
|  mmcm0/inst/clk25             | vera0/audio/psg/cur_channel_r                         | vera0/reset_sync_clk25/reset                                  |                1 |              4 |         4.00 |
|  mmcm0/inst/clk25             | vera0/addr_data/ib_cache32_r[27]_i_1_n_0              | vera0/reset_sync_clk25/reset                                  |                2 |              4 |         2.00 |
|  mmcm0/inst/clk25             | vera0/l1_vscroll_r[11]_i_1_n_0                        | vera0/reset_sync_clk25/reset                                  |                1 |              4 |         4.00 |
|  mmcm0/inst/clk25             | vera0/addr_data/ib_cache32_r[23]_i_1_n_0              | vera0/reset_sync_clk25/reset                                  |                2 |              4 |         2.00 |
|  mmcm0/inst/clk25             | vera0/addr_data/ib_cache32_r[15]_i_1_n_0              | vera0/reset_sync_clk25/reset                                  |                1 |              4 |         4.00 |
|  mmcm0/inst/clk25             | vera0/audio/psg/working_data_wridx_r_2                | vera0/reset_sync_clk25/reset                                  |                1 |              4 |         4.00 |
|  vera0/rdaddr_r[4]_i_1_n_0    |                                                       |                                                               |                1 |              5 |         5.00 |
|  mmcm0/inst/clk25             | vera0/irq_enable_audio_fifo_low_r0                    | vera0/reset_sync_clk25/reset                                  |                1 |              5 |         5.00 |
|  mmcm0/inst/clk25             | MDAC0/mdac_outcnt[4]_i_1_n_0                          |                                                               |                2 |              5 |         2.50 |
|  vera0/bus_write_r[0]_i_1_n_0 |                                                       |                                                               |                2 |              5 |         2.50 |
|  mmcm0/inst/clk25             | vera0/addr_data/vram_addr_nib_incr_0_r_i_1_n_0        | vera0/reset_sync_clk25/reset                                  |                3 |              6 |         2.00 |
|  mmcm0/inst/clk25             |                                                       | vera0/video_composite/modulator/y_s_reg_n_0_[11]              |                2 |              6 |         3.00 |
|  mmcm0/inst/clk25             | vera0/audio_mode_stereo_r0                            | vera0/reset_sync_clk25/reset                                  |                3 |              6 |         2.00 |
|  mmcm0/inst/clk25             | vera0/addr_data/vram_addr_1_next0                     | vera0/reset_sync_clk25/reset                                  |                4 |              6 |         1.50 |
|  mmcm0/inst/clk25             | vera0/addr_data/vram_addr_1_r[7]_i_1_n_0              | vera0/reset_sync_clk25/reset                                  |                3 |              6 |         2.00 |
|  mmcm0/inst/clk25             | vera0/addr_data/fx_pixel_pos_x_r[16]_i_1_n_0          | vera0/reset_sync_clk25/reset                                  |                2 |              7 |         3.50 |
|  mmcm0/inst/clk25             | vera0/vram_addr_select_r0                             | vera0/reset_sync_clk25/reset                                  |                1 |              7 |         7.00 |
|  mmcm0/inst/clk25             | vera0/sprites_enabled_r0                              | vera0/reset_sync_clk25/reset                                  |                3 |              7 |         2.33 |
| ~vera0/bus_write_r[0]_i_1_n_0 |                                                       |                                                               |                2 |              8 |         4.00 |
|  mmcm0/inst/clk25             | vera0/addr_data/p_2_in56_out                          | vera0/reset_sync_clk25/reset                                  |                3 |              8 |         2.67 |
|  mmcm0/inst/clk25             | vera0/addr_data/vram_addr_1_r[15]_i_1_n_0             | vera0/reset_sync_clk25/reset                                  |                4 |              8 |         2.00 |
|  mmcm0/inst/clk25             | vera0/addr_data/vram_data1_r0                         | vera0/reset_sync_clk25/reset                                  |                4 |              8 |         2.00 |
|  mmcm0/inst/clk25             | vera0/addr_data/vram_data0_r0                         | vera0/reset_sync_clk25/reset                                  |                3 |              8 |         2.67 |
|  mmcm0/inst/clk25             | vera0/l0_renderer/htile_cnt_r[7]_i_1_n_0              | vera0/reset_sync_clk25/reset                                  |                2 |              8 |         4.00 |
|  mmcm0/inst/clk25             | vera0/addr_data/vram_addr_0_r[15]_i_1_n_0             | vera0/reset_sync_clk25/reset                                  |                2 |              8 |         4.00 |
|  mmcm0/inst/clk25             | vera0/l0_color_depth_r0                               | vera0/reset_sync_clk25/reset                                  |                3 |              8 |         2.67 |
|  mmcm0/inst/clk25             | vera0/dc_hscale_r0                                    | vera0/reset_sync_clk25/reset                                  |                3 |              8 |         2.67 |
|  mmcm0/inst/clk25             | vera0/irq_line_r[7]_i_1_n_0                           | vera0/reset_sync_clk25/reset                                  |                3 |              8 |         2.67 |
|  mmcm0/inst/clk25             | vera0/l0_hscroll_r[7]_i_1_n_0                         | vera0/reset_sync_clk25/reset                                  |                4 |              8 |         2.00 |
|  mmcm0/inst/clk25             | vera0/dc_active_hstop_r0                              | vera0/reset_sync_clk25/reset                                  |                2 |              8 |         4.00 |
|  mmcm0/inst/clk25             | vera0/dc_active_hstart_r0                             | vera0/reset_sync_clk25/reset                                  |                3 |              8 |         2.67 |
|  mmcm0/inst/clk25             | vera0/dc_vscale_r0                                    | vera0/reset_sync_clk25/reset                                  |                2 |              8 |         4.00 |
|  mmcm0/inst/clk25             | vera0/dc_active_vstart_r0                             | vera0/reset_sync_clk25/reset                                  |                3 |              8 |         2.67 |
|  mmcm0/inst/clk25             | vera0/dc_active_vstop_r0                              | vera0/reset_sync_clk25/reset                                  |                3 |              8 |         2.67 |
|  mmcm0/inst/clk25             | vera0/l1_color_depth_r0                               | vera0/reset_sync_clk25/reset                                  |                4 |              8 |         2.00 |
|  mmcm0/inst/clk25             | vera0/l1_vscroll_r[7]_i_1_n_0                         | vera0/reset_sync_clk25/reset                                  |                3 |              8 |         2.67 |
|  mmcm0/inst/clk25             | vera0/l0_map_baseaddr_r0                              | vera0/reset_sync_clk25/reset                                  |                4 |              8 |         2.00 |
|  mmcm0/inst/clk25             | vera0/l1_hscroll_r[7]_i_1_n_0                         | vera0/reset_sync_clk25/reset                                  |                3 |              8 |         2.67 |
|  mmcm0/inst/clk25             | vera0/l1_tile_height_r0                               | vera0/reset_sync_clk25/reset                                  |                4 |              8 |         2.00 |
|  mmcm0/inst/clk25             | vera0/l0_vscroll_r[7]_i_1_n_0                         | vera0/reset_sync_clk25/reset                                  |                4 |              8 |         2.00 |
|  mmcm0/inst/clk25             | vera0/l0_tile_height_r0                               | vera0/reset_sync_clk25/reset                                  |                5 |              8 |         1.60 |
|  mmcm0/inst/clk25             | vera0/l1_map_baseaddr_r0                              | vera0/reset_sync_clk25/reset                                  |                4 |              8 |         2.00 |
|  mmcm0/inst/clk25             | vera0/sel                                             |                                                               |                2 |              8 |         4.00 |
|  mmcm0/inst/clk25             | vera0/audio_pcm_sample_rate_r0                        | vera0/reset_sync_clk25/reset                                  |                4 |              8 |         2.00 |
|  mmcm0/inst/clk25             | vera0/audio_fifo_write_next                           | vera0/reset_sync_clk25/reset                                  |                3 |              8 |         2.67 |
|  mmcm0/inst/clk25             | vera0/l1_renderer/htile_cnt_r[7]_i_1__0_n_0           | vera0/reset_sync_clk25/reset                                  |                4 |              8 |         2.00 |
|  mmcm0/inst/clk25             | vera0/spictrl/rx_shift_r                              | vera0/reset_sync_clk25/reset                                  |                5 |              8 |         1.60 |
|  mmcm0/inst/clk25             | vera0/sprite_line_buffer/composer_wr_en_i_1_n_0       | vera0/reset_sync_clk25/reset                                  |                2 |              8 |         4.00 |
|  mmcm0/inst/clk25             | vera0/dc_border_color_r0                              | vera0/reset_sync_clk25/reset                                  |                4 |              8 |         2.00 |
|  mmcm0/inst/clk25             | vera0/audio/pcm/audio_fifo/state_r_reg[1][1]          | vera0/reset_sync_clk25/reset                                  |                2 |              8 |         4.00 |
|  mmcm0/inst/clk25             | vera0/addr_data/p_6_out[8]                            | vera0/reset_sync_clk25/reset                                  |                3 |              8 |         2.67 |
|  mmcm0/inst/clk25             | vera0/addr_data/p_6_out[11]                           | vera0/reset_sync_clk25/reset                                  |                3 |              8 |         2.67 |
|  mmcm0/inst/clk25             | vera0/addr_data/p_7_out[8]                            | vera0/reset_sync_clk25/reset                                  |                2 |              8 |         4.00 |
|  mmcm0/inst/clk25             | vera0/audio/dacif/E[0]                                | vera0/reset_sync_clk25/reset                                  |                2 |              8 |         4.00 |
|  mmcm0/inst/clk25             | vera0/audio/pcm/audio_fifo/state_r_reg[0][0]          | vera0/reset_sync_clk25/reset                                  |                2 |              8 |         4.00 |
|  mmcm0/inst/clk25             | vera0/audio/pcm/audio_fifo/state_r_reg[0][1]          | vera0/reset_sync_clk25/reset                                  |                1 |              8 |         8.00 |
|  mmcm0/inst/clk25             | vera0/audio/pcm/audio_fifo/state_r_reg[1][0]          | vera0/reset_sync_clk25/reset                                  |                1 |              8 |         8.00 |
|  mmcm0/inst/clk25             | vera0/addr_data/fx_addr1_mode_r0                      | vera0/reset_sync_clk25/reset                                  |                5 |              8 |         1.60 |
|  mmcm0/inst/clk25             | vera0/addr_data/fx_2bit_poke_mode_next151_out         | vera0/reset_sync_clk25/reset                                  |                4 |              8 |         2.00 |
|  mmcm0/inst/clk25             | vera0/addr_data/fx_pixel_incr_y_r[7]_i_1_n_0          | vera0/reset_sync_clk25/reset                                  |                4 |              8 |         2.00 |
|  mmcm0/inst/clk25             | vera0/addr_data/fx_pixel_incr_x_r[7]_i_1_n_0          | vera0/reset_sync_clk25/reset                                  |                2 |              8 |         4.00 |
|  mmcm0/inst/clk25             | vera0/addr_data/fx_map_base_address_r0                | vera0/reset_sync_clk25/reset                                  |                3 |              8 |         2.67 |
|  mmcm0/inst/clk25             | vera0/addr_data/fx_tiledata_base_address_r0           | vera0/reset_sync_clk25/reset                                  |                3 |              8 |         2.67 |
|  mmcm0/inst/clk25             | vera0/addr_data/p_74_in                               | vera0/reset_sync_clk25/reset                                  |                2 |              8 |         4.00 |
|  mmcm0/inst/clk25             | vera0/addr_data/vram_addr_0_r[7]_i_1_n_0              | vera0/reset_sync_clk25/reset                                  |                2 |              8 |         4.00 |
|  mmcm0/inst/clk25             |                                                       | vera0/video_composite/modulator/chroma_s[-1111111104]_i_1_n_0 |                4 |              9 |         2.25 |
|  mmcm0/inst/clk25             | vera0/video_composite/next_frame_r_reg_0[0]           | vera0/reset_sync_clk25/reset                                  |                3 |             10 |         3.33 |
|  mmcm0/inst/clk25             | vera0/video_vga/video_vga_next_line                   | vera0/reset_sync_clk25/reset                                  |                4 |             10 |         2.50 |
|  mmcm0/inst/clk25             | vera0/composer/E[0]                                   | vera0/reset_sync_clk25/reset                                  |                4 |             10 |         2.50 |
|  mmcm0/inst/clk25             | vera0/video_composite/h_half_line_last                | vera0/reset_sync_clk25/reset                                  |                3 |             11 |         3.67 |
|  mmcm0/inst/clk25             | vera0/video_composite/next_line                       | vera0/reset_sync_clk25/reset                                  |                7 |             11 |         1.57 |
|  mmcm0/inst/clk25             | vera0/video_composite/video_output_mode_r_reg[1][0]   | vera0/reset_sync_clk25/reset                                  |                3 |             11 |         3.67 |
|  mmcm0/inst/clk25             | MDAC0/mdac_shiftreg_right[11]_i_1_n_0                 |                                                               |                4 |             12 |         3.00 |
|  mmcm0/inst/clk25             | vera0/audio/pcm/audio_fifo/wridx_r0                   | vera0/reset_sync_clk25/audio_fifo_reset                       |                3 |             12 |         4.00 |
|  mmcm0/inst/clk25             | vera0/addr_data/attr_write                            |                                                               |                3 |             12 |         4.00 |
|  mmcm0/inst/clk25             | vera0/spictrl/bitcnt_r                                | vera0/reset_sync_clk25/reset                                  |                3 |             12 |         4.00 |
|  mmcm0/inst/clk25             |                                                       | vera0/video_composite/modulator/y_s[11]_i_1_n_0               |                7 |             13 |         1.86 |
|  mmcm0/inst/clk25             | vera0/l1_renderer/bitmap_addr_r                       | vera0/reset_sync_clk25/reset                                  |                4 |             15 |         3.75 |
|  mmcm0/inst/clk25             | vera0/l1_renderer/bus_addr[14]_i_1__0_n_0             | vera0/reset_sync_clk25/reset                                  |                6 |             15 |         2.50 |
|  mmcm0/inst/clk25             | vera0/l0_renderer/lb_wridx_next                       | vera0/reset_sync_clk25/reset                                  |                5 |             15 |         3.00 |
|  mmcm0/inst/clk25             | vera0/sprite_renderer/bus_addr_r[14]_i_1_n_0          | vera0/reset_sync_clk25/reset                                  |                5 |             15 |         3.00 |
|  mmcm0/inst/clk25             | vera0/l0_renderer/bus_addr[14]_i_1_n_0                | vera0/reset_sync_clk25/reset                                  |                8 |             15 |         1.88 |
|  mmcm0/inst/clk25             | vera0/l0_renderer/bitmap_addr_r                       | vera0/reset_sync_clk25/reset                                  |                4 |             15 |         3.75 |
|  mmcm0/inst/clk25             | vera0/l1_renderer/lb_wridx_next                       | vera0/reset_sync_clk25/reset                                  |                6 |             15 |         2.50 |
|  mmcm0/inst/clk25             | vera0/audio/psg/right_accum_r_1                       | vera0/reset_sync_clk25/reset                                  |                3 |             16 |         5.33 |
|  mmcm0/inst/clk25             | MDAC0/mdac_shiftreg[15]_i_1_n_0                       |                                                               |                5 |             16 |         3.20 |
|  mmcm0/inst/clk25             | vera0/audio/psg/left_accum_r_0                        | vera0/reset_sync_clk25/reset                                  |                3 |             16 |         5.33 |
|  mmcm0/inst/clk25             | vera0/composer/render_start_r0_out                    | vera0/reset_sync_clk25/reset                                  |                4 |             16 |         4.00 |
|  mmcm0/inst/clk25             | vera0/addr_data/ib_do_access_next                     | vera0/reset_sync_clk25/reset                                  |                8 |             17 |         2.12 |
|  mmcm0/inst/clk25             | vera0/composer/scaled_x_counter_r[0]_i_1_n_0          | vera0/reset_sync_clk25/reset                                  |                5 |             17 |         3.40 |
|  mmcm0/inst/clk25             | vera0/l0_renderer/linebuf_wren_next                   | vera0/reset_sync_clk25/reset                                  |                7 |             18 |         2.57 |
|  mmcm0/inst/clk25             | vera0/l1_renderer/linebuf_wren_next                   | vera0/reset_sync_clk25/reset                                  |                9 |             18 |         2.00 |
|  mmcm0/inst/clk25             | vera0/sprite_renderer/save_hi                         | vera0/reset_sync_clk25/reset                                  |                8 |             19 |         2.38 |
|  mmcm0/inst/clk25             | vera0/sprite_renderer/save_lo                         | vera0/reset_sync_clk25/reset                                  |                8 |             23 |         2.88 |
|  mmcm0/inst/clk25             | vera0/audio/pcm/audio_fifo/rdidx_r_rep[11]_i_1_n_0    | vera0/reset_sync_clk25/audio_fifo_reset                       |                7 |             24 |         3.43 |
|  sclk_IBUF_BUFG               |                                                       |                                                               |                7 |             25 |         3.57 |
|  mmcm0/inst/clk25             |                                                       | enc/encode_R/_de_reg                                          |               11 |             28 |         2.55 |
|  mmcm0/inst/hdmiClk           |                                                       |                                                               |                6 |             31 |         5.17 |
|  mmcm0/inst/clk25             | vera0/audio/pcm/audio_fifo/E[0]                       | vera0/reset_sync_clk25/reset                                  |                9 |             32 |         3.56 |
|  mmcm0/inst/clk25             | vera0/sprite_renderer/render_data_r[31]_i_1__1_n_0    | vera0/reset_sync_clk25/reset                                  |               10 |             32 |         3.20 |
|  mmcm0/inst/clk25             | vera0/l1_renderer/map_data_r[31]_i_1__0_n_0           | vera0/reset_sync_clk25/reset                                  |               10 |             32 |         3.20 |
|  mmcm0/inst/clk25             | vera0/audio/psg/left_sample_r                         | vera0/reset_sync_clk25/reset                                  |                9 |             32 |         3.56 |
|  mmcm0/inst/clk25             | vera0/audio/psg/working_data_wren_r                   |                                                               |                4 |             32 |         8.00 |
|  mmcm0/inst/clk25             | vera0/l0_renderer/map_data_r[31]_i_1_n_0              | vera0/reset_sync_clk25/reset                                  |               10 |             32 |         3.20 |
|  mmcm0/inst/clk25             | vera0/audio/psg/cur_channel_attr_r                    | vera0/reset_sync_clk25/reset                                  |               12 |             32 |         2.67 |
|  mmcm0/inst/clk25             | vera0/l0_renderer/render_start_i_1_n_0                | vera0/reset_sync_clk25/reset                                  |               16 |             40 |         2.50 |
|  mmcm0/inst/clk25             | vera0/l1_renderer/next_render_mapdata_r[7]_i_1__0_n_0 | vera0/reset_sync_clk25/reset                                  |               13 |             40 |         3.08 |
|  mmcm0/inst/clk25             | vera0/l1_renderer/render_start_i_1__0_n_0             | vera0/reset_sync_clk25/reset                                  |               18 |             40 |         2.22 |
|  mmcm0/inst/clk25             | vera0/l0_renderer/next_render_mapdata_r[7]_i_1_n_0    | vera0/reset_sync_clk25/reset                                  |               15 |             40 |         2.67 |
|  mmcm0/inst/clk25             | vera0/addr_data/fx_accumulate_r                       | vera0/addr_data/fx_reset_accum_r                              |               16 |             48 |         3.00 |
|  mmcm0/inst/clk25             |                                                       |                                                               |               56 |            157 |         2.80 |
|  mmcm0/inst/clk25             |                                                       | vera0/reset_sync_clk25/reset                                  |               89 |            184 |         2.07 |
+-------------------------------+-------------------------------------------------------+---------------------------------------------------------------+------------------+----------------+--------------+


