#-----------------------------------------------------------
# Vivado v2022.1 (64-bit)
# SW Build 3526262 on Mon Apr 18 15:48:16 MDT 2022
# IP Build 3524634 on Mon Apr 18 20:55:01 MDT 2022
# Start of session at: Fri Oct 20 05:56:35 2023
# Process ID: 4112
# Current directory: C:/Users/Jason/Development/X16/Vera/X16Community_ArtixDVI/x16CommunityVera/vivado/MercuryII_X16Community_Vera/MercuryII_X16Community_Vera.runs/SP256K_synth_1
# Command line: vivado.exe -log SP256K.vds -product Vivado -mode batch -messageDb vivado.pb -notrace -source SP256K.tcl
# Log file: C:/Users/Jason/Development/X16/Vera/X16Community_ArtixDVI/x16CommunityVera/vivado/MercuryII_X16Community_Vera/MercuryII_X16Community_Vera.runs/SP256K_synth_1/SP256K.vds
# Journal file: C:/Users/Jason/Development/X16/Vera/X16Community_ArtixDVI/x16CommunityVera/vivado/MercuryII_X16Community_Vera/MercuryII_X16Community_Vera.runs/SP256K_synth_1\vivado.jou
# Running On: DESKTOP-4FV4FV1, OS: Windows, CPU Frequency: 3610 MHz, CPU Physical cores: 12, Host memory: 34106 MB
#-----------------------------------------------------------
source SP256K.tcl -notrace
